[0.000000] (-) TimerEvent: {}
[0.000850] (urdf_launch) JobQueued: {'identifier': 'urdf_launch', 'dependencies': OrderedDict()}
[0.000925] (urdf_tutorial) JobQueued: {'identifier': 'urdf_tutorial', 'dependencies': OrderedDict([('urdf_launch', '/home/ph/fourth_ws/install/urdf_launch')])}
[0.000979] (urdf_launch) JobStarted: {'identifier': 'urdf_launch'}
[0.016044] (urdf_launch) JobProgress: {'identifier': 'urdf_launch', 'progress': 'cmake'}
[0.017355] (urdf_launch) JobProgress: {'identifier': 'urdf_launch', 'progress': 'build'}
[0.018357] (urdf_launch) Command: {'cmd': ['/usr/bin/cmake', '--build', '/home/ph/fourth_ws/build/urdf_launch', '--', '-j8', '-l8'], 'cwd': '/home/ph/fourth_ws/build/urdf_launch', 'env': OrderedDict([('LESSOPEN', '| /usr/bin/lesspipe %s'), ('LANGUAGE', 'en_US'), ('USER', 'ph'), ('LC_TIME', 'it_IT.UTF-8'), ('XDG_SESSION_TYPE', 'x11'), ('SHLVL', '1'), ('LD_LIBRARY_PATH', '/opt/ros/humble/opt/rviz_ogre_vendor/lib:/opt/ros/humble/lib/x86_64-linux-gnu:/opt/ros/humble/lib'), ('HOME', '/home/ph'), ('OLDPWD', '/home/ph/fourth_ws/src'), ('DESKTOP_SESSION', 'ubuntu'), ('ROS_PYTHON_VERSION', '3'), ('GNOME_SHELL_SESSION_MODE', 'ubuntu'), ('GTK_MODULES', 'gail:atk-bridge'), ('XDG_SEAT_PATH', '/org/freedesktop/DisplayManager/Seat0'), ('LC_MONETARY', 'it_IT.UTF-8'), ('SYSTEMD_EXEC_PID', '2127'), ('DBUS_SESSION_BUS_ADDRESS', 'unix:path=/run/user/1000/bus'), ('COLORTERM', 'truecolor'), ('_colcon_cd_root', '/opt/ros/humble/'), ('COLCON_PREFIX_PATH', '/home/ph/fourth_ws/install'), ('ROS_DISTRO', 'humble'), ('GTK_IM_MODULE', 'ibus'), ('LOGNAME', 'ph'), ('_', '/usr/bin/colcon'), ('ROS_VERSION', '2'), ('XDG_SESSION_CLASS', 'user'), ('TERM', 'xterm-256color'), ('GNOME_DESKTOP_SESSION_ID', 'this-is-deprecated'), ('ROS_LOCALHOST_ONLY', '0'), ('PATH', '/opt/ros/humble/bin:/usr/local/sbin:/usr/local/bin:/usr/sbin:/usr/bin:/sbin:/bin:/usr/games:/usr/local/games:/snap/bin'), ('SESSION_MANAGER', 'local/ph-s:@/tmp/.ICE-unix/1934,unix/ph-s:/tmp/.ICE-unix/1934'), ('GDM_LANG', 'en_US'), ('XDG_SESSION_PATH', '/org/freedesktop/DisplayManager/Session0'), ('XDG_MENU_PREFIX', 'gnome-'), ('LC_ADDRESS', 'it_IT.UTF-8'), ('GNOME_TERMINAL_SCREEN', '/org/gnome/Terminal/screen/446a7f30_ba1a_41bd_b9b6_bf21f675ec04'), ('XDG_RUNTIME_DIR', '/run/user/1000'), ('DISPLAY', ':0'), ('LANG', 'en_US.UTF-8'), ('XDG_CURRENT_DESKTOP', 'ubuntu:GNOME'), ('LC_TELEPHONE', 'it_IT.UTF-8'), ('XMODIFIERS', '@im=ibus'), ('XDG_SESSION_DESKTOP', 'ubuntu'), ('XAUTHORITY', '/home/ph/.Xauthority'), ('LS_COLORS', 'rs=0:di=01;34:ln=01;36:mh=00:pi=40;33:so=01;35:do=01;35:bd=40;33;01:cd=40;33;01:or=40;31;01:mi=00:su=37;41:sg=30;43:ca=30;41:tw=30;42:ow=34;42:st=37;44:ex=01;32:*.tar=01;31:*.tgz=01;31:*.arc=01;31:*.arj=01;31:*.taz=01;31:*.lha=01;31:*.lz4=01;31:*.lzh=01;31:*.lzma=01;31:*.tlz=01;31:*.txz=01;31:*.tzo=01;31:*.t7z=01;31:*.zip=01;31:*.z=01;31:*.dz=01;31:*.gz=01;31:*.lrz=01;31:*.lz=01;31:*.lzo=01;31:*.xz=01;31:*.zst=01;31:*.tzst=01;31:*.bz2=01;31:*.bz=01;31:*.tbz=01;31:*.tbz2=01;31:*.tz=01;31:*.deb=01;31:*.rpm=01;31:*.jar=01;31:*.war=01;31:*.ear=01;31:*.sar=01;31:*.rar=01;31:*.alz=01;31:*.ace=01;31:*.zoo=01;31:*.cpio=01;31:*.7z=01;31:*.rz=01;31:*.cab=01;31:*.wim=01;31:*.swm=01;31:*.dwm=01;31:*.esd=01;31:*.jpg=01;35:*.jpeg=01;35:*.mjpg=01;35:*.mjpeg=01;35:*.gif=01;35:*.bmp=01;35:*.pbm=01;35:*.pgm=01;35:*.ppm=01;35:*.tga=01;35:*.xbm=01;35:*.xpm=01;35:*.tif=01;35:*.tiff=01;35:*.png=01;35:*.svg=01;35:*.svgz=01;35:*.mng=01;35:*.pcx=01;35:*.mov=01;35:*.mpg=01;35:*.mpeg=01;35:*.m2v=01;35:*.mkv=01;35:*.webm=01;35:*.webp=01;35:*.ogm=01;35:*.mp4=01;35:*.m4v=01;35:*.mp4v=01;35:*.vob=01;35:*.qt=01;35:*.nuv=01;35:*.wmv=01;35:*.asf=01;35:*.rm=01;35:*.rmvb=01;35:*.flc=01;35:*.avi=01;35:*.fli=01;35:*.flv=01;35:*.gl=01;35:*.dl=01;35:*.xcf=01;35:*.xwd=01;35:*.yuv=01;35:*.cgm=01;35:*.emf=01;35:*.ogv=01;35:*.ogx=01;35:*.aac=00;36:*.au=00;36:*.flac=00;36:*.m4a=00;36:*.mid=00;36:*.midi=00;36:*.mka=00;36:*.mp3=00;36:*.mpc=00;36:*.ogg=00;36:*.ra=00;36:*.wav=00;36:*.oga=00;36:*.opus=00;36:*.spx=00;36:*.xspf=00;36:'), ('GNOME_TERMINAL_SERVICE', ':1.119'), ('SSH_AGENT_LAUNCHER', 'gnome-keyring'), ('SSH_AUTH_SOCK', '/run/user/1000/keyring/ssh'), ('XDG_GREETER_DATA_DIR', '/var/lib/lightdm-data/ph'), ('AMENT_PREFIX_PATH', '/home/ph/fourth_ws/install/urdf_tutorial:/opt/ros/humble'), ('SHELL', '/bin/bash'), ('LC_NAME', 'it_IT.UTF-8'), ('QT_ACCESSIBILITY', '1'), ('GDMSESSION', 'ubuntu'), ('LESSCLOSE', '/usr/bin/lesspipe %s %s'), ('LC_MEASUREMENT', 'it_IT.UTF-8'), ('GPG_AGENT_INFO', '/run/user/1000/gnupg/S.gpg-agent:0:1'), ('LC_IDENTIFICATION', 'it_IT.UTF-8'), ('QT_IM_MODULE', 'ibus'), ('PWD', '/home/ph/fourth_ws/build/urdf_launch'), ('LC_ALL', 'en_US.UTF-8'), ('XDG_CONFIG_DIRS', '/etc/xdg/xdg-ubuntu:/etc/xdg'), ('XDG_DATA_DIRS', '/usr/share/ubuntu:/usr/share/gnome:/usr/local/share:/usr/share:/var/lib/snapd/desktop'), ('PYTHONPATH', '/opt/ros/humble/lib/python3.10/site-packages:/opt/ros/humble/local/lib/python3.10/dist-packages'), ('LC_NUMERIC', 'it_IT.UTF-8'), ('LC_PAPER', 'it_IT.UTF-8'), ('COLCON', '1'), ('VTE_VERSION', '6800'), ('CMAKE_PREFIX_PATH', '/home/ph/fourth_ws/install/urdf_tutorial')]), 'shell': False}
[0.076758] (urdf_launch) StdoutLine: {'line': b'-- Found ament_cmake: 1.3.12 (/opt/ros/humble/share/ament_cmake/cmake)\n'}
[0.099738] (-) TimerEvent: {}
[0.200131] (-) TimerEvent: {}
[0.300547] (-) TimerEvent: {}
[0.344594] (urdf_launch) StderrLine: {'line': b"Error parsing '/home/ph/fourth_ws/src/urdf_launch/package.xml':\n"}
[0.400664] (-) TimerEvent: {}
[0.410273] (urdf_launch) StderrLine: {'line': b'Traceback (most recent call last):\n'}
[0.410606] (urdf_launch) StderrLine: {'line': b'  File "/usr/lib/python3/dist-packages/catkin_pkg/package.py", line 610, in parse_package_string\n'}
[0.410869] (urdf_launch) StderrLine: {'line': b'    root = dom.parseString(data)\n'}
[0.411055] (urdf_launch) StderrLine: {'line': b'  File "/usr/lib/python3.10/xml/dom/minidom.py", line 2000, in parseString\n'}
[0.414698] (urdf_launch) StderrLine: {'line': b'    return expatbuilder.parseString(string)\n'}
[0.414922] (urdf_launch) StderrLine: {'line': b'  File "/usr/lib/python3.10/xml/dom/expatbuilder.py", line 925, in parseString\n'}
[0.415671] (urdf_launch) StderrLine: {'line': b'    return builder.parseString(string)\n'}
[0.415976] (urdf_launch) StderrLine: {'line': b'  File "/usr/lib/python3.10/xml/dom/expatbuilder.py", line 223, in parseString\n'}
[0.416145] (urdf_launch) StderrLine: {'line': b'    parser.Parse(string, True)\n'}
[0.416311] (urdf_launch) StderrLine: {'line': b'xml.parsers.expat.ExpatError: no element found: line 25, column 0\n'}
[0.416503] (urdf_launch) StderrLine: {'line': b'\n'}
[0.416764] (urdf_launch) StderrLine: {'line': b'During handling of the above exception, another exception occurred:\n'}
[0.416923] (urdf_launch) StderrLine: {'line': b'\n'}
[0.417076] (urdf_launch) StderrLine: {'line': b'Traceback (most recent call last):\n'}
[0.417228] (urdf_launch) StderrLine: {'line': b'  File "/opt/ros/humble/share/ament_cmake_core/cmake/core/package_xml_2_cmake.py", line 150, in <module>\n'}
[0.417383] (urdf_launch) StderrLine: {'line': b'    main()\n'}
[0.417587] (urdf_launch) StderrLine: {'line': b'  File "/opt/ros/humble/share/ament_cmake_core/cmake/core/package_xml_2_cmake.py", line 53, in main\n'}
[0.417753] (urdf_launch) StderrLine: {'line': b'    raise e\n'}
[0.417901] (urdf_launch) StderrLine: {'line': b'  File "/opt/ros/humble/share/ament_cmake_core/cmake/core/package_xml_2_cmake.py", line 49, in main\n'}
[0.418047] (urdf_launch) StderrLine: {'line': b'    package = parse_package_string(\n'}
[0.418191] (urdf_launch) StderrLine: {'line': b'  File "/usr/lib/python3/dist-packages/catkin_pkg/package.py", line 612, in parse_package_string\n'}
[0.418339] (urdf_launch) StderrLine: {'line': b"    raise InvalidPackage('The manifest contains invalid XML:\\n%s' % ex, filename)\n"}
[0.418505] (urdf_launch) StderrLine: {'line': b"catkin_pkg.package.InvalidPackage: Error(s) in package '/home/ph/fourth_ws/src/urdf_launch/package.xml':\n"}
[0.418686] (urdf_launch) StderrLine: {'line': b'The manifest contains invalid XML:\n'}
[0.418837] (urdf_launch) StderrLine: {'line': b'no element found: line 25, column 0\n'}
[0.438201] (urdf_launch) StderrLine: {'line': b'\x1b[31mCMake Error at /opt/ros/humble/share/ament_cmake_core/cmake/core/ament_package_xml.cmake:95 (message):\n'}
[0.438594] (urdf_launch) StderrLine: {'line': b'  execute_process(/usr/bin/python3\n'}
[0.438766] (urdf_launch) StderrLine: {'line': b'  /opt/ros/humble/share/ament_cmake_core/cmake/core/package_xml_2_cmake.py\n'}
[0.438915] (urdf_launch) StderrLine: {'line': b'  /home/ph/fourth_ws/src/urdf_launch/package.xml\n'}
[0.439062] (urdf_launch) StderrLine: {'line': b'  /home/ph/fourth_ws/build/urdf_launch/ament_cmake_core/package.cmake)\n'}
[0.439207] (urdf_launch) StderrLine: {'line': b'  returned error code 1\n'}
[0.439352] (urdf_launch) StderrLine: {'line': b'Call Stack (most recent call first):\n'}
[0.439513] (urdf_launch) StderrLine: {'line': b'  /opt/ros/humble/share/ament_cmake_core/cmake/core/ament_package_xml.cmake:49 (_ament_package_xml)\n'}
[0.439688] (urdf_launch) StderrLine: {'line': b'  /opt/ros/humble/share/ament_cmake_core/cmake/core/ament_package.cmake:63 (ament_package_xml)\n'}
[0.439836] (urdf_launch) StderrLine: {'line': b'  CMakeLists.txt:11 (ament_package)\n'}
[0.439982] (urdf_launch) StderrLine: {'line': b'\n'}
[0.440126] (urdf_launch) StderrLine: {'line': b'\x1b[0m\n'}
[0.440271] (urdf_launch) StdoutLine: {'line': b'-- Configuring incomplete, errors occurred!\n'}
[0.440433] (urdf_launch) StdoutLine: {'line': b'See also "/home/ph/fourth_ws/build/urdf_launch/CMakeFiles/CMakeOutput.log".\n'}
[0.442748] (urdf_launch) StderrLine: {'line': b'gmake: *** [Makefile:226: cmake_check_build_system] Error 1\n'}
[0.445864] (urdf_launch) CommandEnded: {'returncode': 2}
[0.446561] (urdf_launch) JobEnded: {'identifier': 'urdf_launch', 'rc': 2}
[0.456386] (urdf_tutorial) JobSkipped: {'identifier': 'urdf_tutorial'}
[0.456564] (-) EventReactorShutdown: {}
