[0.019s] Invoking command in '/home/ph/fourth_ws/build/urdf_launch': /usr/bin/cmake --build /home/ph/fourth_ws/build/urdf_launch -- -j8 -l8
[0.076s] -- Found ament_cmake: 1.3.12 (/opt/ros/humble/share/ament_cmake/cmake)
[0.344s] Error parsing '/home/ph/fourth_ws/src/urdf_launch/package.xml':
[0.410s] Traceback (most recent call last):
[0.410s]   File "/usr/lib/python3/dist-packages/catkin_pkg/package.py", line 610, in parse_package_string
[0.410s]     root = dom.parseString(data)
[0.410s]   File "/usr/lib/python3.10/xml/dom/minidom.py", line 2000, in parseString
[0.414s]     return expatbuilder.parseString(string)
[0.414s]   File "/usr/lib/python3.10/xml/dom/expatbuilder.py", line 925, in parseString
[0.415s]     return builder.parseString(string)
[0.415s]   File "/usr/lib/python3.10/xml/dom/expatbuilder.py", line 223, in parseString
[0.415s]     parser.Parse(string, True)
[0.415s] xml.parsers.expat.ExpatError: no element found: line 25, column 0
[0.416s] 
[0.416s] During handling of the above exception, another exception occurred:
[0.416s] 
[0.416s] Traceback (most recent call last):
[0.416s]   File "/opt/ros/humble/share/ament_cmake_core/cmake/core/package_xml_2_cmake.py", line 150, in <module>
[0.417s]     main()
[0.417s]   File "/opt/ros/humble/share/ament_cmake_core/cmake/core/package_xml_2_cmake.py", line 53, in main
[0.417s]     raise e
[0.417s]   File "/opt/ros/humble/share/ament_cmake_core/cmake/core/package_xml_2_cmake.py", line 49, in main
[0.417s]     package = parse_package_string(
[0.417s]   File "/usr/lib/python3/dist-packages/catkin_pkg/package.py", line 612, in parse_package_string
[0.417s]     raise InvalidPackage('The manifest contains invalid XML:\n%s' % ex, filename)
[0.418s] catkin_pkg.package.InvalidPackage: Error(s) in package '/home/ph/fourth_ws/src/urdf_launch/package.xml':
[0.418s] The manifest contains invalid XML:
[0.418s] no element found: line 25, column 0
[0.438s] [31mCMake Error at /opt/ros/humble/share/ament_cmake_core/cmake/core/ament_package_xml.cmake:95 (message):
[0.438s]   execute_process(/usr/bin/python3
[0.438s]   /opt/ros/humble/share/ament_cmake_core/cmake/core/package_xml_2_cmake.py
[0.438s]   /home/ph/fourth_ws/src/urdf_launch/package.xml
[0.438s]   /home/ph/fourth_ws/build/urdf_launch/ament_cmake_core/package.cmake)
[0.438s]   returned error code 1
[0.438s] Call Stack (most recent call first):
[0.439s]   /opt/ros/humble/share/ament_cmake_core/cmake/core/ament_package_xml.cmake:49 (_ament_package_xml)
[0.439s]   /opt/ros/humble/share/ament_cmake_core/cmake/core/ament_package.cmake:63 (ament_package_xml)
[0.439s]   CMakeLists.txt:11 (ament_package)
[0.439s] 
[0.439s] [0m
[0.439s] -- Configuring incomplete, errors occurred!
[0.440s] See also "/home/ph/fourth_ws/build/urdf_launch/CMakeFiles/CMakeOutput.log".
[0.442s] gmake: *** [Makefile:226: cmake_check_build_system] Error 1
[0.445s] Invoked command in '/home/ph/fourth_ws/build/urdf_launch' returned '2': /usr/bin/cmake --build /home/ph/fourth_ws/build/urdf_launch -- -j8 -l8
